URL: http://localhost/Artera/uploads/1285c458-11e1-4faf-9f7c-dbf660f2d789.jpg
Path: C:\xampp\htdocs\Artera\public\uploads/1285c458-11e1-4faf-9f7c-dbf660f2d789.jpg
Exists: Y
URL: http://localhost/Artera/uploads/c6139eca-d912-40d4-a0f8-f2ed64380e84.png
Path: C:\xampp\htdocs\Artera\public\uploads/c6139eca-d912-40d4-a0f8-f2ed64380e84.png
Exists: Y
URL: http://localhost/Artera/uploads/650ebda0-1ae4-4802-a16e-34a64a444306.jpg
Path: C:\xampp\htdocs\Artera\public\uploads/650ebda0-1ae4-4802-a16e-34a64a444306.jpg
Exists: Y
URL: http://localhost/Artera/uploads/1285c458-11e1-4faf-9f7c-dbf660f2d789.jpg
Path: C:\xampp\htdocs\Artera\public\uploads/1285c458-11e1-4faf-9f7c-dbf660f2d789.jpg
Exists: Y
URL: http://localhost/Artera/uploads/1285c458-11e1-4faf-9f7c-dbf660f2d789.jpg
Path: C:\xampp\htdocs\Artera\public\uploads/1285c458-11e1-4faf-9f7c-dbf660f2d789.jpg
Exists: Y
URL: http://localhost/Artera/uploads/1285c458-11e1-4faf-9f7c-dbf660f2d789.jpg
Path: C:\xampp\htdocs\Artera\public\uploads/1285c458-11e1-4faf-9f7c-dbf660f2d789.jpg
Exists: Y
URL: http://localhost/Artera/uploads/1285c458-11e1-4faf-9f7c-dbf660f2d789.jpg
Path: C:\xampp\htdocs\Artera\public\uploads/1285c458-11e1-4faf-9f7c-dbf660f2d789.jpg
Exists: Y
URL: http://localhost/Artera/uploads/c6139eca-d912-40d4-a0f8-f2ed64380e84.png
Path: C:\xampp\htdocs\Artera\public\uploads/c6139eca-d912-40d4-a0f8-f2ed64380e84.png
Exists: Y
URL: http://localhost/Artera/uploads/d170e044-95ee-4ced-ad58-307b2ff0b8ef.jpg
Path: C:\xampp\htdocs\Artera\public\uploads/d170e044-95ee-4ced-ad58-307b2ff0b8ef.jpg
Exists: Y
URL: http://localhost/Artera/uploads/d170e044-95ee-4ced-ad58-307b2ff0b8ef.jpg
Path: C:\xampp\htdocs\Artera\public\uploads/d170e044-95ee-4ced-ad58-307b2ff0b8ef.jpg
Exists: Y
URL: http://localhost/Artera/uploads/d170e044-95ee-4ced-ad58-307b2ff0b8ef.jpg
Path: C:\xampp\htdocs\Artera\public\uploads/d170e044-95ee-4ced-ad58-307b2ff0b8ef.jpg
Exists: Y
URL: http://localhost/Artera/uploads/9f2b17c4-acdf-4bdb-bf3f-7f20b4979612.jpg
Path: C:\xampp\htdocs\Artera\public\uploads/9f2b17c4-acdf-4bdb-bf3f-7f20b4979612.jpg
Exists: Y
URL: http://localhost/Artera/uploads/f114d20a-089d-4a96-a424-d31c7a9220ef.png
Path: C:\xampp\htdocs\Artera\public\uploads/f114d20a-089d-4a96-a424-d31c7a9220ef.png
Exists: Y
URL: http://localhost/Artera/uploads/f114d20a-089d-4a96-a424-d31c7a9220ef.png
Path: C:\xampp\htdocs\Artera\public\uploads/f114d20a-089d-4a96-a424-d31c7a9220ef.png
Exists: Y
URL: http://localhost/Artera/uploads/f114d20a-089d-4a96-a424-d31c7a9220ef.png
Path: C:\xampp\htdocs\Artera\public\uploads/f114d20a-089d-4a96-a424-d31c7a9220ef.png
Exists: Y
URL: http://localhost/Artera/uploads/f114d20a-089d-4a96-a424-d31c7a9220ef.png
Path: C:\xampp\htdocs\Artera\public\uploads/f114d20a-089d-4a96-a424-d31c7a9220ef.png
Exists: Y
URL: http://localhost/Artera/uploads/f114d20a-089d-4a96-a424-d31c7a9220ef.png
Path: C:\xampp\htdocs\Artera\public\uploads/f114d20a-089d-4a96-a424-d31c7a9220ef.png
Exists: Y
URL: http://localhost/Artera/uploads/150d36d2-00ea-428a-afed-b9b4ed531f54.png
Path: C:\xampp\htdocs\Artera\public\uploads/150d36d2-00ea-428a-afed-b9b4ed531f54.png
Exists: Y
URL: http://localhost/Artera/uploads/f114d20a-089d-4a96-a424-d31c7a9220ef.png
Path: C:\xampp\htdocs\Artera\public\uploads/f114d20a-089d-4a96-a424-d31c7a9220ef.png
Exists: Y
URL: http://localhost/Artera/uploads/22601652-a0bc-4060-a5af-cbb9293edb87.png
Path: C:\xampp\htdocs\Artera\public\uploads/22601652-a0bc-4060-a5af-cbb9293edb87.png
Exists: Y
URL: http://localhost/Artera/uploads/150d36d2-00ea-428a-afed-b9b4ed531f54.png
Path: C:\xampp\htdocs\Artera\public\uploads/150d36d2-00ea-428a-afed-b9b4ed531f54.png
Exists: Y
URL: http://localhost/Artera/uploads/150d36d2-00ea-428a-afed-b9b4ed531f54.png
Path: C:\xampp\htdocs\Artera\public\uploads/150d36d2-00ea-428a-afed-b9b4ed531f54.png
Exists: Y
URL: http://localhost/Artera/uploads/f114d20a-089d-4a96-a424-d31c7a9220ef.png
Path: C:\xampp\htdocs\Artera\public\uploads/f114d20a-089d-4a96-a424-d31c7a9220ef.png
Exists: Y
URL: http://localhost/Artera/uploads/2520e58c-a427-47c7-bbae-8944af4f676c.png
Path: C:\xampp\htdocs\Artera\public\uploads/2520e58c-a427-47c7-bbae-8944af4f676c.png
Exists: Y
URL: http://localhost/Artera/uploads/f114d20a-089d-4a96-a424-d31c7a9220ef.png
Path: C:\xampp\htdocs\Artera\public\uploads/f114d20a-089d-4a96-a424-d31c7a9220ef.png
Exists: Y
URL: http://localhost/Artera/uploads/35a06ca4-837d-4cd4-b620-f8464926d59b.png
Path: C:\xampp\htdocs\Artera\public\uploads/35a06ca4-837d-4cd4-b620-f8464926d59b.png
Exists: Y
URL: http://localhost/Artera/uploads/f114d20a-089d-4a96-a424-d31c7a9220ef.png
Path: C:\xampp\htdocs\Artera\public\uploads/f114d20a-089d-4a96-a424-d31c7a9220ef.png
Exists: Y
URL: http://localhost/Artera/uploads/35a06ca4-837d-4cd4-b620-f8464926d59b.png
Path: C:\xampp\htdocs\Artera\public\uploads/35a06ca4-837d-4cd4-b620-f8464926d59b.png
Exists: Y
URL: http://localhost/Artera/uploads/f114d20a-089d-4a96-a424-d31c7a9220ef.png
Path: C:\xampp\htdocs\Artera\public\uploads/f114d20a-089d-4a96-a424-d31c7a9220ef.png
Exists: Y
URL: http://localhost/Artera/uploads/f114d20a-089d-4a96-a424-d31c7a9220ef.png
Path: C:\xampp\htdocs\Artera\public\uploads/f114d20a-089d-4a96-a424-d31c7a9220ef.png
Exists: Y
URL: http://localhost/Artera/uploads/f114d20a-089d-4a96-a424-d31c7a9220ef.png
Path: C:\xampp\htdocs\Artera\public\uploads/f114d20a-089d-4a96-a424-d31c7a9220ef.png
Exists: Y
URL: http://localhost/Artera/uploads/f114d20a-089d-4a96-a424-d31c7a9220ef.png
Path: C:\xampp\htdocs\Artera\public\uploads/f114d20a-089d-4a96-a424-d31c7a9220ef.png
Exists: Y
URL: http://localhost/Artera/uploads/f114d20a-089d-4a96-a424-d31c7a9220ef.png
Path: C:\xampp\htdocs\Artera\public\uploads/f114d20a-089d-4a96-a424-d31c7a9220ef.png
Exists: Y
URL: http://localhost/Artera/uploads/f114d20a-089d-4a96-a424-d31c7a9220ef.png
Path: C:\xampp\htdocs\Artera\public\uploads/f114d20a-089d-4a96-a424-d31c7a9220ef.png
Exists: Y
URL: http://localhost/Artera/uploads/f114d20a-089d-4a96-a424-d31c7a9220ef.png
Path: C:\xampp\htdocs\Artera\public\uploads/f114d20a-089d-4a96-a424-d31c7a9220ef.png
Exists: Y
URL: http://localhost/Artera/uploads/f114d20a-089d-4a96-a424-d31c7a9220ef.png
Path: C:\xampp\htdocs\Artera\public\uploads/f114d20a-089d-4a96-a424-d31c7a9220ef.png
Exists: Y
URL: http://localhost/Artera/uploads/f114d20a-089d-4a96-a424-d31c7a9220ef.png
Path: C:\xampp\htdocs\Artera\public\uploads/f114d20a-089d-4a96-a424-d31c7a9220ef.png
Exists: Y
URL: http://localhost/Artera/uploads/f114d20a-089d-4a96-a424-d31c7a9220ef.png
Path: C:\xampp\htdocs\Artera\public\uploads/f114d20a-089d-4a96-a424-d31c7a9220ef.png
Exists: Y
URL: http://localhost/Artera/uploads/f114d20a-089d-4a96-a424-d31c7a9220ef.png
Path: C:\xampp\htdocs\Artera\public\uploads/f114d20a-089d-4a96-a424-d31c7a9220ef.png
Exists: Y
URL: http://localhost/Artera/uploads/f114d20a-089d-4a96-a424-d31c7a9220ef.png
Path: C:\xampp\htdocs\Artera\public\uploads/f114d20a-089d-4a96-a424-d31c7a9220ef.png
Exists: Y
URL: http://localhost/Artera/uploads/f114d20a-089d-4a96-a424-d31c7a9220ef.png
Path: C:\xampp\htdocs\Artera\public\uploads/f114d20a-089d-4a96-a424-d31c7a9220ef.png
Exists: Y
URL: http://localhost/Artera/uploads/f114d20a-089d-4a96-a424-d31c7a9220ef.png
Path: C:\xampp\htdocs\Artera\public\uploads/f114d20a-089d-4a96-a424-d31c7a9220ef.png
Exists: Y
URL: http://localhost/Artera/uploads/f114d20a-089d-4a96-a424-d31c7a9220ef.png
Path: C:\xampp\htdocs\Artera\public\uploads/f114d20a-089d-4a96-a424-d31c7a9220ef.png
Exists: Y
URL: http://localhost/Artera/uploads/f114d20a-089d-4a96-a424-d31c7a9220ef.png
Path: C:\xampp\htdocs\Artera\public\uploads/f114d20a-089d-4a96-a424-d31c7a9220ef.png
Exists: Y
URL: http://localhost/Artera/uploads/f114d20a-089d-4a96-a424-d31c7a9220ef.png
Path: C:\xampp\htdocs\Artera\public\uploads/f114d20a-089d-4a96-a424-d31c7a9220ef.png
Exists: Y
URL: http://localhost/Artera/uploads/template/673026ee-d21b-40e7-88c7-3a56828f130b/preview.jpg
Path: C:\xampp\htdocs\Artera\public\uploads/template/673026ee-d21b-40e7-88c7-3a56828f130b/preview.jpg
Exists: Y
URL: http://localhost/Artera/uploads/template/673026ee-d21b-40e7-88c7-3a56828f130b/preview.jpg
Path: C:\xampp\htdocs\Artera\public\uploads/template/673026ee-d21b-40e7-88c7-3a56828f130b/preview.jpg
Exists: Y
URL: http://localhost/Artera/uploads/template/673026ee-d21b-40e7-88c7-3a56828f130b/preview.jpg
Path: C:\xampp\htdocs\Artera\public\uploads/template/673026ee-d21b-40e7-88c7-3a56828f130b/preview.jpg
Exists: Y
URL: http://localhost/Artera/uploads/template/673026ee-d21b-40e7-88c7-3a56828f130b/preview.jpg
Path: C:\xampp\htdocs\Artera\public\uploads/template/673026ee-d21b-40e7-88c7-3a56828f130b/preview.jpg
Exists: Y
URL: http://localhost/Artera/uploads/9f2b17c4-acdf-4bdb-bf3f-7f20b4979612.jpg
Path: C:\xampp\htdocs\Artera\public\uploads/9f2b17c4-acdf-4bdb-bf3f-7f20b4979612.jpg
Exists: Y
URL: http://localhost/Artera/uploads/9f2b17c4-acdf-4bdb-bf3f-7f20b4979612.jpg
Path: C:\xampp\htdocs\Artera\public\uploads/9f2b17c4-acdf-4bdb-bf3f-7f20b4979612.jpg
Exists: Y
URL: http://localhost/Artera/uploads/9f2b17c4-acdf-4bdb-bf3f-7f20b4979612.jpg
Path: C:\xampp\htdocs\Artera\public\uploads/9f2b17c4-acdf-4bdb-bf3f-7f20b4979612.jpg
Exists: Y
URL: http://localhost/Artera/uploads/9f2b17c4-acdf-4bdb-bf3f-7f20b4979612.jpg
Path: C:\xampp\htdocs\Artera\public\uploads/9f2b17c4-acdf-4bdb-bf3f-7f20b4979612.jpg
Exists: Y
URL: http://localhost/Artera/uploads/9f2b17c4-acdf-4bdb-bf3f-7f20b4979612.jpg
Path: C:\xampp\htdocs\Artera\public\uploads/9f2b17c4-acdf-4bdb-bf3f-7f20b4979612.jpg
Exists: Y
URL: http://localhost/Artera/uploads/9f2b17c4-acdf-4bdb-bf3f-7f20b4979612.jpg
Path: C:\xampp\htdocs\Artera\public\uploads/9f2b17c4-acdf-4bdb-bf3f-7f20b4979612.jpg
Exists: Y
URL: http://localhost/Artera/uploads/9f2b17c4-acdf-4bdb-bf3f-7f20b4979612.jpg
Path: C:\xampp\htdocs\Artera\public\uploads/9f2b17c4-acdf-4bdb-bf3f-7f20b4979612.jpg
Exists: Y
URL: http://localhost/Artera/uploads/9f2b17c4-acdf-4bdb-bf3f-7f20b4979612.jpg
Path: C:\xampp\htdocs\Artera\public\uploads/9f2b17c4-acdf-4bdb-bf3f-7f20b4979612.jpg
Exists: Y
URL: http://localhost/Artera/uploads/9f2b17c4-acdf-4bdb-bf3f-7f20b4979612.jpg
Path: C:\xampp\htdocs\Artera\public\uploads/9f2b17c4-acdf-4bdb-bf3f-7f20b4979612.jpg
Exists: Y
URL: http://localhost/Artera/uploads/9f2b17c4-acdf-4bdb-bf3f-7f20b4979612.jpg
Path: C:\xampp\htdocs\Artera\public\uploads/9f2b17c4-acdf-4bdb-bf3f-7f20b4979612.jpg
Exists: Y
URL: http://localhost/Artera/uploads/9f2b17c4-acdf-4bdb-bf3f-7f20b4979612.jpg
Path: C:\xampp\htdocs\Artera\public\uploads/9f2b17c4-acdf-4bdb-bf3f-7f20b4979612.jpg
Exists: Y
URL: http://localhost/Artera/uploads/9f2b17c4-acdf-4bdb-bf3f-7f20b4979612.jpg
Path: C:\xampp\htdocs\Artera\public\uploads/9f2b17c4-acdf-4bdb-bf3f-7f20b4979612.jpg
Exists: Y
URL: http://localhost/Artera/uploads/9f2b17c4-acdf-4bdb-bf3f-7f20b4979612.jpg
Path: C:\xampp\htdocs\Artera\public\uploads/9f2b17c4-acdf-4bdb-bf3f-7f20b4979612.jpg
Exists: Y
URL: http://localhost/Artera/uploads/9f2b17c4-acdf-4bdb-bf3f-7f20b4979612.jpg
Path: C:\xampp\htdocs\Artera\public\uploads/9f2b17c4-acdf-4bdb-bf3f-7f20b4979612.jpg
Exists: Y
URL: http://localhost/Artera/uploads/9f2b17c4-acdf-4bdb-bf3f-7f20b4979612.jpg
Path: C:\xampp\htdocs\Artera\public\uploads/9f2b17c4-acdf-4bdb-bf3f-7f20b4979612.jpg
Exists: Y
URL: http://localhost/Artera/uploads/9f2b17c4-acdf-4bdb-bf3f-7f20b4979612.jpg
Path: C:\xampp\htdocs\Artera\public\uploads/9f2b17c4-acdf-4bdb-bf3f-7f20b4979612.jpg
Exists: Y
URL: http://192.168.1.41/Artera/uploads/3d0e6473-b1ea-49f7-ac0c-ebbbe70a46a1.jpg
Path: C:\xampp\htdocs\Artera\public\uploads/3d0e6473-b1ea-49f7-ac0c-ebbbe70a46a1.jpg
Exists: Y
URL: http://192.168.1.41/Artera/uploads/3d0e6473-b1ea-49f7-ac0c-ebbbe70a46a1.jpg
Path: C:\xampp\htdocs\Artera\public\uploads/3d0e6473-b1ea-49f7-ac0c-ebbbe70a46a1.jpg
Exists: Y
URL: http://192.168.1.41/Artera/uploads/f114d20a-089d-4a96-a424-d31c7a9220ef.png
Path: C:\xampp\htdocs\Artera\public\uploads/f114d20a-089d-4a96-a424-d31c7a9220ef.png
Exists: Y
URL: http://127.0.0.1/Artera/uploads/template/1ee980f3-fcf2-4cb6-a022-9ea4b23e380f/preview.jpg
Path: C:\xampp\htdocs\Artera\public\uploads/template/1ee980f3-fcf2-4cb6-a022-9ea4b23e380f/preview.jpg
Exists: Y
URL: http://192.168.1.41/Artera/uploads/f114d20a-089d-4a96-a424-d31c7a9220ef.png
Path: C:\xampp\htdocs\Artera\public\uploads/f114d20a-089d-4a96-a424-d31c7a9220ef.png
Exists: Y
URL: http://192.168.1.41/Artera/uploads/150d36d2-00ea-428a-afed-b9b4ed531f54.png
Path: C:\xampp\htdocs\Artera\public\uploads/150d36d2-00ea-428a-afed-b9b4ed531f54.png
Exists: Y
